OK hong-kong-public-sector-system-procurement-guide 70044
OK hong-kong-ecommerce-website-guide 81864
OK xiaohongshu-marketing-hong-kong-guide 84920
OK kol-marketing-hong-kong-guide 64620
OK video-production-hong-kong-guide 100680
OK social-media-management-hong-kong-guide 77744
OK china-market-strategy-hong-kong 78642
OK ai-reduce-hong-kong-business-labour-cost 84968
OK ai-agent-hong-kong-business-guide 62084
OK hong-kong-ai-chatbot-customer-service-guide 60378
OK ai-automation-roi-hong-kong 50780
OK geo-generative-engine-optimization-guide 65610
OK how-to-choose-seo-company-hong-kong 50028
OK crm-system-selection-guide-hong-kong 73246
OK core-web-vitals-website-speed-guide 59748
OK app-development-cost-guide-hong-kong 78998
OK hong-kong-government-ai-digital-funding 50500
OK rpa-hong-kong-guide 60220
OK hong-kong-web-design-pricing-guide 92594
OK ai-solution-hong-kong-enterprise-guide 78816
OK hong-kong-brand-china-market-guide 82274
OK google-meta-ads-guide 66920
OK hong-kong-seo-geo-guide 58616
OK seo-vs-geo 54280
OK short-video-marketing-guide 60828
OK marketing-automation-roi 50200
OK high-converting-landing-page 61420
OK stop-wasting-ad-budget 42232
OK custom-system-efficiency 84626
