OK /blog/figures/idea-to-mvp-hong-kong-1.webp
OK /blog/figures/idea-to-mvp-hong-kong-2.webp
OK /blog/figures/idea-to-mvp-hong-kong-3.webp
OK /blog/figures/idea-to-mvp-hong-kong-4.webp
OK /blog/figures/idea-to-mvp-hong-kong-5.webp
OK /blog/figures/idea-to-mvp-hong-kong-6.webp
OK /blog/figures/idea-to-mvp-hong-kong-7.webp
OK /blog/figures/idea-to-mvp-hong-kong-8.webp
OK /blog/figures/idea-to-mvp-hong-kong-9.webp
OK /blog/figures/idea-to-mvp-hong-kong-10.webp
OK /blog/figures/idea-to-mvp-hong-kong-11.webp
OK /blog/figures/idea-to-mvp-hong-kong-12.webp
OK /blog/figures/idea-to-mvp-hong-kong-13.webp
OK /blog/figures/clinic-management-system-hong-kong-1.webp
OK /blog/figures/clinic-management-system-hong-kong-2.webp
OK /blog/figures/clinic-management-system-hong-kong-3.webp
OK /blog/figures/clinic-management-system-hong-kong-4.webp
OK /blog/figures/clinic-management-system-hong-kong-5.webp
OK /blog/figures/clinic-management-system-hong-kong-6.webp
OK /blog/figures/clinic-management-system-hong-kong-7.webp
OK /blog/figures/clinic-management-system-hong-kong-8.webp
OK /blog/figures/clinic-management-system-hong-kong-9.webp
OK /blog/figures/clinic-management-system-hong-kong-10.webp
OK /blog/figures/clinic-management-system-hong-kong-11.webp
OK /blog/figures/erp-system-hong-kong-guide-1.webp
OK /blog/figures/erp-system-hong-kong-guide-2.webp
OK /blog/figures/erp-system-hong-kong-guide-3.webp
OK /blog/figures/erp-system-hong-kong-guide-4.webp
OK /blog/figures/erp-system-hong-kong-guide-5.webp
OK /blog/figures/erp-system-hong-kong-guide-6.webp
OK /blog/figures/erp-system-hong-kong-guide-7.webp
OK /blog/figures/erp-system-hong-kong-guide-8.webp
OK /blog/figures/erp-system-hong-kong-guide-9.webp
OK /blog/figures/erp-system-hong-kong-guide-10.webp
OK /blog/figures/erp-system-hong-kong-guide-11.webp
OK /blog/figures/erp-system-hong-kong-guide-12.webp
OK /blog/figures/membership-system-hong-kong-1.webp
OK /blog/figures/membership-system-hong-kong-2.webp
OK /blog/figures/membership-system-hong-kong-3.webp
OK /blog/figures/membership-system-hong-kong-4.webp
OK /blog/figures/membership-system-hong-kong-5.webp
OK /blog/figures/membership-system-hong-kong-6.webp
OK /blog/figures/membership-system-hong-kong-7.webp
OK /blog/figures/membership-system-hong-kong-8.webp
OK /blog/figures/membership-system-hong-kong-9.webp
OK /blog/figures/membership-system-hong-kong-10.webp
OK /blog/figures/membership-system-hong-kong-11.webp
OK /blog/figures/school-it-vendor-quotation-guide-1.webp
OK /blog/figures/school-it-vendor-quotation-guide-2.webp
OK /blog/figures/school-it-vendor-quotation-guide-3.webp
OK /blog/figures/school-it-vendor-quotation-guide-4.webp
OK /blog/figures/school-it-vendor-quotation-guide-5.webp
OK /blog/figures/school-it-vendor-quotation-guide-6.webp
OK /blog/figures/school-it-vendor-quotation-guide-7.webp
OK /blog/figures/school-it-vendor-quotation-guide-8.webp
OK /blog/figures/school-it-vendor-quotation-guide-9.webp
OK /blog/figures/school-it-vendor-quotation-guide-10.webp
OK /blog/figures/school-it-vendor-quotation-guide-11.webp
OK /blog/figures/school-it-vendor-quotation-guide-12.webp
