OK /blog/figures/xiaohongshu-marketing-hong-kong-guide-3.webp
OK /blog/figures/xiaohongshu-marketing-hong-kong-guide-2026-1.webp
OK /blog/figures/xiaohongshu-marketing-hong-kong-guide-4.webp
OK /blog/figures/xiaohongshu-marketing-hong-kong-guide-5.webp
OK /blog/figures/xiaohongshu-marketing-hong-kong-guide-2026-2.webp
OK /blog/figures/xiaohongshu-marketing-hong-kong-guide-6.webp
OK /blog/figures/xiaohongshu-marketing-hong-kong-guide-7.webp
OK /blog/figures/xiaohongshu-marketing-hong-kong-guide-8.webp
OK /blog/figures/xiaohongshu-marketing-hong-kong-guide-9.webp
OK /blog/figures/xiaohongshu-marketing-hong-kong-guide-10.webp
OK /blog/figures/xiaohongshu-marketing-hong-kong-guide-11.webp
OK /blog/figures/xiaohongshu-marketing-hong-kong-guide-12.webp
OK /blog/figures/kol-marketing-hong-kong-guide-3.webp
OK /blog/figures/kol-marketing-hong-kong-guide-2026-1.webp
OK /blog/figures/kol-marketing-hong-kong-guide-4.webp
OK /blog/figures/kol-marketing-hong-kong-guide-5.webp
OK /blog/figures/kol-marketing-hong-kong-guide-6.webp
OK /blog/figures/kol-marketing-hong-kong-guide-2026-2.webp
OK /blog/figures/kol-marketing-hong-kong-guide-7.webp
OK /blog/figures/kol-marketing-hong-kong-guide-8.webp
OK /blog/figures/kol-marketing-hong-kong-guide-9.webp
OK /blog/figures/kol-marketing-hong-kong-guide-10.webp
OK /blog/figures/kol-marketing-hong-kong-guide-11.webp
OK /blog/figures/kol-marketing-hong-kong-guide-12.webp
OK /blog/figures/kol-marketing-hong-kong-guide-13.webp
OK /blog/figures/kol-marketing-hong-kong-guide-14.webp
OK /blog/figures/video-production-hong-kong-guide-3.webp
OK /blog/figures/video-production-hong-kong-guide-4.webp
OK /blog/figures/video-production-hong-kong-guide-2026-1.webp
OK /blog/figures/video-production-hong-kong-guide-5.webp
OK /blog/figures/video-production-hong-kong-guide-6.webp
OK /blog/figures/video-production-hong-kong-guide-7.webp
OK /blog/figures/video-production-hong-kong-guide-8.webp
OK /blog/figures/video-production-hong-kong-guide-9.webp
OK /blog/figures/video-production-hong-kong-guide-10.webp
OK /blog/figures/video-production-hong-kong-guide-2026-2.webp
OK /blog/figures/video-production-hong-kong-guide-11.webp
OK /blog/figures/video-production-hong-kong-guide-12.webp
OK /blog/figures/video-production-hong-kong-guide-13.webp
OK /blog/figures/video-production-hong-kong-guide-14.webp
OK /blog/figures/video-production-hong-kong-guide-15.webp
OK /blog/figures/video-production-hong-kong-guide-16.webp
OK /blog/figures/video-production-hong-kong-guide-17.webp
OK /blog/figures/video-production-hong-kong-guide-18.webp
OK /blog/figures/video-production-hong-kong-guide-19.webp
OK /blog/figures/video-production-hong-kong-guide-20.webp
OK /blog/figures/social-media-management-hong-kong-guide-3.webp
OK /blog/figures/social-media-management-hong-kong-guide-4.webp
OK /blog/figures/social-media-management-hong-kong-guide-5.webp
OK /blog/figures/social-media-management-hong-kong-guide-2026-1.webp
OK /blog/figures/social-media-management-hong-kong-guide-6.webp
OK /blog/figures/social-media-management-hong-kong-guide-7.webp
OK /blog/figures/social-media-management-hong-kong-guide-8.webp
OK /blog/figures/social-media-management-hong-kong-guide-2026-2.webp
OK /blog/figures/social-media-management-hong-kong-guide-9.webp
OK /blog/figures/social-media-management-hong-kong-guide-10.webp
OK /blog/figures/social-media-management-hong-kong-guide-11.webp
OK /blog/figures/social-media-management-hong-kong-guide-12.webp
OK /blog/figures/social-media-management-hong-kong-guide-13.webp
OK /blog/figures/social-media-management-hong-kong-guide-14.webp
OK /blog/figures/china-market-strategy-hong-kong-3.webp
OK /blog/figures/china-market-strategy-hong-kong-4.webp
OK /blog/figures/china-market-strategy-hong-kong-2026-1.webp
OK /blog/figures/china-market-strategy-hong-kong-5.webp
OK /blog/figures/china-market-strategy-hong-kong-6.webp
OK /blog/figures/china-market-strategy-hong-kong-7.webp
OK /blog/figures/china-market-strategy-hong-kong-8.webp
OK /blog/figures/china-market-strategy-hong-kong-2026-2.webp
OK /blog/figures/china-market-strategy-hong-kong-9.webp
OK /blog/figures/china-market-strategy-hong-kong-10.webp
OK /blog/figures/china-market-strategy-hong-kong-11.webp
OK /blog/figures/china-market-strategy-hong-kong-12.webp
OK /blog/figures/china-market-strategy-hong-kong-13.webp
OK /blog/figures/china-market-strategy-hong-kong-14.webp
OK /blog/figures/china-market-strategy-hong-kong-15.webp
OK /blog/figures/ai-reduce-hong-kong-business-labour-cost-3.webp
OK /blog/figures/ai-reduce-hong-kong-business-labour-cost-4.webp
OK /blog/figures/ai-reduce-hong-kong-business-labour-cost-5.webp
OK /blog/figures/ai-reduce-hong-kong-business-labour-cost-2026-1.webp
OK /blog/figures/ai-reduce-hong-kong-business-labour-cost-6.webp
OK /blog/figures/ai-reduce-hong-kong-business-labour-cost-7.webp
OK /blog/figures/ai-reduce-hong-kong-business-labour-cost-8.webp
OK /blog/figures/ai-reduce-hong-kong-business-labour-cost-2026-2.webp
OK /blog/figures/ai-reduce-hong-kong-business-labour-cost-9.webp
OK /blog/figures/ai-reduce-hong-kong-business-labour-cost-10.webp
OK /blog/figures/ai-reduce-hong-kong-business-labour-cost-11.webp
OK /blog/figures/ai-agent-hong-kong-business-guide-2026-3.webp
OK /blog/figures/ai-agent-hong-kong-business-guide-2026-1.webp
OK /blog/figures/ai-agent-hong-kong-business-guide-2026-4.webp
OK /blog/figures/ai-agent-hong-kong-business-guide-2026-5.webp
OK /blog/figures/ai-agent-hong-kong-business-guide-2026-2.webp
OK /blog/figures/ai-agent-hong-kong-business-guide-2026-6.webp
OK /blog/figures/ai-agent-hong-kong-business-guide-2026-7.webp
OK /blog/figures/ai-agent-hong-kong-business-guide-2026-8.webp
OK /blog/figures/ai-agent-hong-kong-business-guide-2026-9.webp
OK /blog/figures/ai-agent-hong-kong-business-guide-2026-10.webp
OK /blog/figures/ai-agent-hong-kong-business-guide-2026-11.webp
OK /blog/figures/hong-kong-ai-chatbot-customer-service-guide-3.webp
OK /blog/figures/hong-kong-ai-chatbot-customer-service-guide-2026-1.webp
OK /blog/figures/hong-kong-ai-chatbot-customer-service-guide-4.webp
OK /blog/figures/hong-kong-ai-chatbot-customer-service-guide-5.webp
OK /blog/figures/hong-kong-ai-chatbot-customer-service-guide-2026-2.webp
OK /blog/figures/hong-kong-ai-chatbot-customer-service-guide-6.webp
OK /blog/figures/hong-kong-ai-chatbot-customer-service-guide-7.webp
OK /blog/figures/hong-kong-ai-chatbot-customer-service-guide-8.webp
OK /blog/figures/hong-kong-ai-chatbot-customer-service-guide-9.webp
OK /blog/figures/hong-kong-ai-chatbot-customer-service-guide-10.webp
OK /blog/figures/hong-kong-ai-chatbot-customer-service-guide-11.webp
OK /blog/figures/ai-automation-roi-hong-kong-3.webp
OK /blog/figures/ai-automation-roi-hong-kong-4.webp
OK /blog/figures/ai-automation-roi-hong-kong-2026-1.webp
OK /blog/figures/ai-automation-roi-hong-kong-5.webp
OK /blog/figures/ai-automation-roi-hong-kong-2026-2.webp
OK /blog/figures/ai-automation-roi-hong-kong-6.webp
OK /blog/figures/ai-automation-roi-hong-kong-7.webp
OK /blog/figures/ai-automation-roi-hong-kong-8.webp
OK /blog/figures/ai-automation-roi-hong-kong-9.webp
OK /blog/figures/ai-automation-roi-hong-kong-10.webp
OK /blog/figures/ai-automation-roi-hong-kong-11.webp
OK /blog/figures/geo-generative-engine-optimization-guide-2026-3.webp
OK /blog/figures/geo-generative-engine-optimization-guide-2026-1.webp
OK /blog/figures/geo-generative-engine-optimization-guide-2026-4.webp
OK /blog/figures/geo-generative-engine-optimization-guide-2026-2.webp
OK /blog/figures/geo-generative-engine-optimization-guide-2026-5.webp
OK /blog/figures/geo-generative-engine-optimization-guide-2026-6.webp
OK /blog/figures/geo-generative-engine-optimization-guide-2026-7.webp
OK /blog/figures/geo-generative-engine-optimization-guide-2026-8.webp
OK /blog/figures/geo-generative-engine-optimization-guide-2026-9.webp
OK /blog/figures/geo-generative-engine-optimization-guide-2026-10.webp
OK /blog/figures/geo-generative-engine-optimization-guide-2026-11.webp
OK /blog/figures/geo-generative-engine-optimization-guide-2026-12.webp
OK /blog/figures/geo-generative-engine-optimization-guide-2026-13.webp
OK /blog/figures/how-to-choose-seo-company-hong-kong-3.webp
OK /blog/figures/how-to-choose-seo-company-hong-kong-4.webp
OK /blog/figures/how-to-choose-seo-company-hong-kong-2026-1.webp
OK /blog/figures/how-to-choose-seo-company-hong-kong-5.webp
OK /blog/figures/how-to-choose-seo-company-hong-kong-6.webp
OK /blog/figures/how-to-choose-seo-company-hong-kong-7.webp
OK /blog/figures/how-to-choose-seo-company-hong-kong-8.webp
OK /blog/figures/how-to-choose-seo-company-hong-kong-2026-2.webp
OK /blog/figures/how-to-choose-seo-company-hong-kong-9.webp
OK /blog/figures/how-to-choose-seo-company-hong-kong-10.webp
OK /blog/figures/how-to-choose-seo-company-hong-kong-11.webp
OK /blog/figures/how-to-choose-seo-company-hong-kong-12.webp
OK /blog/figures/how-to-choose-seo-company-hong-kong-13.webp
OK /blog/figures/how-to-choose-seo-company-hong-kong-14.webp
OK /blog/figures/how-to-choose-seo-company-hong-kong-15.webp
OK /blog/figures/how-to-choose-seo-company-hong-kong-16.webp
OK /blog/figures/crm-system-selection-guide-hong-kong-3.webp
OK /blog/figures/crm-system-selection-guide-hong-kong-2026-1.webp
OK /blog/figures/crm-system-selection-guide-hong-kong-4.webp
OK /blog/figures/crm-system-selection-guide-hong-kong-2026-2.webp
OK /blog/figures/crm-system-selection-guide-hong-kong-5.webp
OK /blog/figures/crm-system-selection-guide-hong-kong-6.webp
OK /blog/figures/crm-system-selection-guide-hong-kong-7.webp
OK /blog/figures/crm-system-selection-guide-hong-kong-8.webp
OK /blog/figures/crm-system-selection-guide-hong-kong-9.webp
OK /blog/figures/crm-system-selection-guide-hong-kong-10.webp
OK /blog/figures/crm-system-selection-guide-hong-kong-11.webp
OK /blog/figures/core-web-vitals-website-speed-guide-3.webp
OK /blog/figures/core-web-vitals-website-speed-guide-2026-1.webp
OK /blog/figures/core-web-vitals-website-speed-guide-4.webp
OK /blog/figures/core-web-vitals-website-speed-guide-5.webp
OK /blog/figures/core-web-vitals-website-speed-guide-6.webp
OK /blog/figures/core-web-vitals-website-speed-guide-2026-2.webp
OK /blog/figures/core-web-vitals-website-speed-guide-7.webp
OK /blog/figures/core-web-vitals-website-speed-guide-8.webp
OK /blog/figures/core-web-vitals-website-speed-guide-9.webp
OK /blog/figures/core-web-vitals-website-speed-guide-10.webp
OK /blog/figures/core-web-vitals-website-speed-guide-11.webp
OK /blog/figures/core-web-vitals-website-speed-guide-12.webp
OK /blog/figures/app-development-cost-guide-hong-kong-2026-3.webp
OK /blog/figures/app-development-cost-guide-hong-kong-2026-4.webp
OK /blog/figures/app-development-cost-guide-hong-kong-2026-1.webp
OK /blog/figures/app-development-cost-guide-hong-kong-2026-5.webp
OK /blog/figures/app-development-cost-guide-hong-kong-2026-6.webp
OK /blog/figures/app-development-cost-guide-hong-kong-2026-7.webp
OK /blog/figures/app-development-cost-guide-hong-kong-2026-2.webp
OK /blog/figures/app-development-cost-guide-hong-kong-2026-8.webp
OK /blog/figures/app-development-cost-guide-hong-kong-2026-9.webp
OK /blog/figures/app-development-cost-guide-hong-kong-2026-10.webp
OK /blog/figures/app-development-cost-guide-hong-kong-2026-11.webp
OK /blog/figures/app-development-cost-guide-hong-kong-2026-12.webp
OK /blog/figures/app-development-cost-guide-hong-kong-2026-13.webp
OK /blog/figures/hong-kong-government-ai-digital-funding-3.webp
OK /blog/figures/hong-kong-government-ai-digital-funding-4.webp
OK /blog/figures/hong-kong-government-ai-digital-funding-5.webp
OK /blog/figures/hong-kong-government-ai-digital-funding-6.webp
OK /blog/figures/hong-kong-government-ai-digital-funding-7.webp
OK /blog/figures/hong-kong-government-ai-digital-funding-8.webp
OK /blog/figures/hong-kong-government-ai-digital-funding-2026-1.webp
OK /blog/figures/hong-kong-government-ai-digital-funding-9.webp
OK /blog/figures/hong-kong-government-ai-digital-funding-10.webp
OK /blog/figures/hong-kong-government-ai-digital-funding-2026-2.webp
OK /blog/figures/hong-kong-government-ai-digital-funding-11.webp
OK /blog/figures/hong-kong-government-ai-digital-funding-12.webp
OK /blog/figures/rpa-hong-kong-guide-3.webp
OK /blog/figures/rpa-hong-kong-guide-4.webp
OK /blog/figures/rpa-hong-kong-guide-2026-1.webp
OK /blog/figures/rpa-hong-kong-guide-5.webp
OK /blog/figures/rpa-hong-kong-guide-2026-2.webp
OK /blog/figures/rpa-hong-kong-guide-6.webp
OK /blog/figures/rpa-hong-kong-guide-7.webp
OK /blog/figures/rpa-hong-kong-guide-8.webp
OK /blog/figures/rpa-hong-kong-guide-9.webp
OK /blog/figures/hong-kong-web-design-pricing-guide-2026-3.webp
OK /blog/figures/hong-kong-web-design-pricing-guide-2026-4.webp
OK /blog/figures/hong-kong-web-design-pricing-guide-2026-5.webp
OK /blog/figures/hong-kong-web-design-pricing-guide-2026-1.webp
OK /blog/figures/hong-kong-web-design-pricing-guide-2026-6.webp
OK /blog/figures/hong-kong-web-design-pricing-guide-2026-7.webp
OK /blog/figures/hong-kong-web-design-pricing-guide-2026-2.webp
OK /blog/figures/hong-kong-web-design-pricing-guide-2026-8.webp
OK /blog/figures/hong-kong-web-design-pricing-guide-2026-9.webp
OK /blog/figures/hong-kong-web-design-pricing-guide-2026-10.webp
OK /blog/figures/hong-kong-web-design-pricing-guide-2026-11.webp
OK /blog/figures/ai-solution-hong-kong-enterprise-guide-2026-1.webp
OK /blog/figures/ai-solution-hong-kong-enterprise-guide-2026-2.webp
OK /blog/figures/hong-kong-brand-china-market-guide-2026-1.webp
OK /blog/figures/hong-kong-brand-china-market-guide-2026-2.webp
OK /blog/figures/google-meta-ads-guide-2026-1.webp
OK /blog/figures/google-meta-ads-guide-2026-2.webp
OK /blog/figures/hong-kong-seo-geo-guide-2026-1.webp
OK /blog/figures/hong-kong-seo-geo-guide-2026-2.webp
OK /blog/figures/seo-vs-geo-2025-1.webp
OK /blog/figures/seo-vs-geo-2025-2.webp
OK /blog/figures/short-video-marketing-guide-1.webp
OK /blog/figures/short-video-marketing-guide-2.webp
OK /blog/figures/marketing-automation-roi-1.webp
OK /blog/figures/marketing-automation-roi-2.webp
OK /blog/figures/high-converting-landing-page-1.webp
OK /blog/figures/high-converting-landing-page-2.webp
OK /blog/figures/stop-wasting-ad-budget-1.webp
OK /blog/figures/stop-wasting-ad-budget-2.webp
OK /blog/figures/custom-system-efficiency-1.webp
OK /blog/figures/custom-system-efficiency-2.webp
